The letter B and Phil.

B and Phil decided to go for a walk.
They ran into Castle and said, "Whoomp, there it is".
Castle nodded and said, "foo is as it was, and ever will be".
B and Phil had a profound moment and walked
back home pondering the wisdom Castle had imparted.
