This is the story of Phil.

Phil was a very happy product.  It decided it needed a component.
So, it created Castle.  Castle made Phil very
happy.  So much so, that Phil exclaimed, "Whoomp, there it is!"
